
Discarded input sections

 .text          0x0000000000000000        0x0 BaseSw/XMCLib/src/xmc_eru.o
 .data          0x0000000000000000        0x0 BaseSw/XMCLib/src/xmc_eru.o
 .bss           0x0000000000000000        0x0 BaseSw/XMCLib/src/xmc_eru.o
 .text.XMC_ERU_ETL_Init
                0x0000000000000000       0x28 BaseSw/XMCLib/src/xmc_eru.o
 .text.XMC_ERU_OGU_Init
                0x0000000000000000       0x18 BaseSw/XMCLib/src/xmc_eru.o
 .text.XMC_ERU_ETL_SetInput
                0x0000000000000000       0x18 BaseSw/XMCLib/src/xmc_eru.o
 .text.XMC_ERU_ETL_SetSource
                0x0000000000000000       0x1c BaseSw/XMCLib/src/xmc_eru.o
 .text.XMC_ERU_ETL_SetEdgeDetection
                0x0000000000000000       0x18 BaseSw/XMCLib/src/xmc_eru.o
 .text.XMC_ERU_ETL_GetEdgeDetection
                0x0000000000000000        0xc BaseSw/XMCLib/src/xmc_eru.o
 .text.XMC_ERU_ETL_SetStatusFlagMode
                0x0000000000000000       0x18 BaseSw/XMCLib/src/xmc_eru.o
 .text.XMC_ERU_ETL_EnableOutputTrigger
                0x0000000000000000       0x20 BaseSw/XMCLib/src/xmc_eru.o
 .text.XMC_ERU_ETL_DisableOutputTrigger
                0x0000000000000000       0x10 BaseSw/XMCLib/src/xmc_eru.o
 .text.XMC_ERU_OGU_EnablePatternDetection
                0x0000000000000000       0x24 BaseSw/XMCLib/src/xmc_eru.o
 .text.XMC_ERU_OGU_DisablePatternDetection
                0x0000000000000000       0x10 BaseSw/XMCLib/src/xmc_eru.o
 .text.XMC_ERU_OGU_EnablePeripheralTrigger
                0x0000000000000000       0x14 BaseSw/XMCLib/src/xmc_eru.o
 .text.XMC_ERU_OGU_DisablePeripheralTrigger
                0x0000000000000000       0x10 BaseSw/XMCLib/src/xmc_eru.o
 .text.XMC_ERU_OGU_SetServiceRequestMode
                0x0000000000000000       0x18 BaseSw/XMCLib/src/xmc_eru.o
 .debug_info    0x0000000000000000      0xbe1 BaseSw/XMCLib/src/xmc_eru.o
 .debug_abbrev  0x0000000000000000      0x28e BaseSw/XMCLib/src/xmc_eru.o
 .debug_loc     0x0000000000000000      0x55b BaseSw/XMCLib/src/xmc_eru.o
 .debug_aranges
                0x0000000000000000       0x88 BaseSw/XMCLib/src/xmc_eru.o
 .debug_ranges  0x0000000000000000       0x78 BaseSw/XMCLib/src/xmc_eru.o
 .debug_line    0x0000000000000000      0x436 BaseSw/XMCLib/src/xmc_eru.o
 .debug_str     0x0000000000000000      0xc66 BaseSw/XMCLib/src/xmc_eru.o
 .comment       0x0000000000000000       0x33 BaseSw/XMCLib/src/xmc_eru.o
 .note.GNU-stack
                0x0000000000000000        0x0 BaseSw/XMCLib/src/xmc_eru.o
 .debug_frame   0x0000000000000000      0x14c BaseSw/XMCLib/src/xmc_eru.o
 .ARM.attributes
                0x0000000000000000       0x2b BaseSw/XMCLib/src/xmc_eru.o
 .text          0x0000000000000000        0x0 BaseSw/XMCLib/src/xmc_uart.o
 .data          0x0000000000000000        0x0 BaseSw/XMCLib/src/xmc_uart.o
 .bss           0x0000000000000000        0x0 BaseSw/XMCLib/src/xmc_uart.o
 .text.XMC_UART_CH_Init
                0x0000000000000000       0x8c BaseSw/XMCLib/src/xmc_uart.o
 .text.XMC_UART_CH_SetBaudrate
                0x0000000000000000       0x2c BaseSw/XMCLib/src/xmc_uart.o
 .text.XMC_UART_CH_SetBaudrateEx
                0x0000000000000000       0x30 BaseSw/XMCLib/src/xmc_uart.o
 .text.XMC_UART_CH_Transmit
                0x0000000000000000       0x28 BaseSw/XMCLib/src/xmc_uart.o
 .text.XMC_UART_CH_GetReceivedData
                0x0000000000000000       0x20 BaseSw/XMCLib/src/xmc_uart.o
 .text.XMC_UART_CH_Stop
                0x0000000000000000       0x24 BaseSw/XMCLib/src/xmc_uart.o
 .text.XMC_UART_CH_EnableEvent
                0x0000000000000000       0x1c BaseSw/XMCLib/src/xmc_uart.o
 .text.XMC_UART_CH_DisableEvent
                0x0000000000000000       0x18 BaseSw/XMCLib/src/xmc_uart.o
 .debug_info    0x0000000000000000      0xb04 BaseSw/XMCLib/src/xmc_uart.o
 .debug_abbrev  0x0000000000000000      0x2de BaseSw/XMCLib/src/xmc_uart.o
 .debug_loc     0x0000000000000000      0x489 BaseSw/XMCLib/src/xmc_uart.o
 .debug_aranges
                0x0000000000000000       0x58 BaseSw/XMCLib/src/xmc_uart.o
 .debug_ranges  0x0000000000000000       0x60 BaseSw/XMCLib/src/xmc_uart.o
 .debug_line    0x0000000000000000      0x444 BaseSw/XMCLib/src/xmc_uart.o
 .debug_str     0x0000000000000000      0xb79 BaseSw/XMCLib/src/xmc_uart.o
 .comment       0x0000000000000000       0x33 BaseSw/XMCLib/src/xmc_uart.o
 .note.GNU-stack
                0x0000000000000000        0x0 BaseSw/XMCLib/src/xmc_uart.o
 .debug_frame   0x0000000000000000       0xb8 BaseSw/XMCLib/src/xmc_uart.o
 .ARM.attributes
                0x0000000000000000       0x2b BaseSw/XMCLib/src/xmc_uart.o
 .text          0x0000000000000000        0x0 BaseSw/XMCLib/src/xmc_ccu4.o
 .data          0x0000000000000000        0x0 BaseSw/XMCLib/src/xmc_ccu4.o
 .bss           0x0000000000000000        0x0 BaseSw/XMCLib/src/xmc_ccu4.o
 .text.XMC_CCU4_EnableModule
                0x0000000000000000       0x2c BaseSw/XMCLib/src/xmc_ccu4.o
 .text.XMC_CCU4_DisableModule
[...]
Memory Configuration

Name             Origin             Length             Attributes
FLASH            0x0000000010001000 0x0000000000032000 xr
SRAM             0x0000000020000000 0x0000000000004000 !xr
*default*        0x0000000000000000 0xffffffffffffffff

Linker script and memory map

                0x0000000000000400                stack_size = DEFINED (stack_size)?stack_size:0x400
                0x0000000000000004                no_init_size = 0x4

.text           0x0000000010001000      0x204
                0x0000000010001000                sText = .
 *(.reset)
 .reset         0x0000000010001000       0x96 BaseSw/CMSIS/Infineon/XMC1400_series/Source/GCC/startup_XMC1400.o
                0x0000000010001000                __Vectors
                0x000000001000101c                Reset_Handler
                0x0000000010001094                HardFault_Handler
                0x0000000010001094                IRQ0_Handler
                0x0000000010001094                IRQ5_Handler
                0x0000000010001094                PendSV_Handler
                0x0000000010001094                IRQ16_Handler
                0x0000000010001094                IRQ4_Handler
                0x0000000010001094                IRQ25_Handler
                0x0000000010001094                IRQ23_Handler
                0x0000000010001094                IRQ22_Handler
                0x0000000010001094                IRQ29_Handler
                0x0000000010001094                IRQ20_Handler
                0x0000000010001094                IRQ13_Handler
                0x0000000010001094                IRQ30_Handler
                0x0000000010001094                IRQ21_Handler
                0x0000000010001094                IRQ31_Handler
                0x0000000010001094                IRQ28_Handler
                0x0000000010001094                IRQ2_Handler
                0x0000000010001094                IRQ10_Handler
                0x0000000010001094                IRQ24_Handler
                0x0000000010001094                SVC_Handler
                0x0000000010001094                IRQ1_Handler
                0x0000000010001094                IRQ19_Handler
                0x0000000010001094                IRQ6_Handler
                0x0000000010001094                IRQ15_Handler
                0x0000000010001094                IRQ18_Handler
                0x0000000010001094                IRQ11_Handler
                0x0000000010001094                IRQ14_Handler
                0x0000000010001094                IRQ9_Handler
                0x0000000010001094                IRQ7_Handler
                0x0000000010001094                IRQ12_Handler
                0x0000000010001094                IRQ8_Handler
                0x0000000010001094                IRQ3_Handler
                0x0000000010001094                IRQ27_Handler
                0x0000000010001094                IRQ26_Handler
                0x0000000010001094                IRQ17_Handler
 *(.text .text.* .gnu.linkonce.t.*)
 *fill*         0x0000000010001096        0x2 
 .text.XMC_GPIO_SetMode
                0x0000000010001098       0x24 BaseSw/XMCLib/src/xmc_gpio.o
                0x0000000010001098                XMC_GPIO_SetMode
 .text.__aeabi_uidiv
                0x00000000100010bc       0x20 BaseSw/XMCLib/src/xmc_math.o
                0x00000000100010bc                __aeabi_uidiv
 .text.SystemCoreSetup
                0x00000000100010dc       0x10 BaseSw/CMSIS/Infineon/XMC1400_series/Source/system_XMC1400.o
                0x00000000100010dc                SystemCoreSetup
 .text.OSCHP_GetFrequency
                0x00000000100010ec        0x8 BaseSw/CMSIS/Infineon/XMC1400_series/Source/system_XMC1400.o
                0x00000000100010ec                OSCHP_GetFrequency
 .text.SystemCoreClockUpdate
                0x00000000100010f4       0x88 BaseSw/CMSIS/Infineon/XMC1400_series/Source/system_XMC1400.o
                0x00000000100010f4                SystemCoreClockUpdate
 .text.SystemCoreClockSetup
                0x000000001000117c       0x30 BaseSw/CMSIS/Infineon/XMC1400_series/Source/system_XMC1400.o
                0x000000001000117c                SystemCoreClockSetup
 .text.SystemInit
                0x00000000100011ac        0xc BaseSw/CMSIS/Infineon/XMC1400_series/Source/system_XMC1400.o
                0x00000000100011ac                SystemInit
 .text.startup.main
                0x00000000100011b8       0x3c AppSw/main.o
                0x00000000100011b8                main
 .text.SysTick_Handler
                0x00000000100011f4       0x10 AppSw/main.o
                0x00000000100011f4                SysTick_Handler
 *(.init)
 *(.fini)
 *crtbegin.o(.ctors)
 *crtbegin?.o(.ctors)
 *(EXCLUDE_FILE(*crtend.o *crtend?.o) .ctors)
 *(SORT_BY_NAME(.ctors.*))
 *(.ctors)
 *crtbegin.o(.dtors)
 *crtbegin?.o(.dtors)
 *(EXCLUDE_FILE(*crtend.o *crtend?.o) .dtors)
 *(SORT_BY_NAME(.dtors.*))
 *(.dtors)
 *(.rodata .rodata.*)
 *(.gnu.linkonce.r*)
 *(vtable)
                0x0000000010001204                . = ALIGN (0x4)

.glue_7         0x0000000010001204        0x0
 .glue_7        0x0000000010001204        0x0 linker stubs

.glue_7t        0x0000000010001204        0x0
 .glue_7t       0x0000000010001204        0x0 linker stubs

.vfp11_veneer   0x0000000010001204        0x0
 .vfp11_veneer  0x0000000010001204        0x0 linker stubs

.v4_bx          0x0000000010001204        0x0
 .v4_bx         0x0000000010001204        0x0 linker stubs

.iplt           0x0000000010001204        0x0
 .iplt          0x0000000010001204        0x0 BaseSw/XMCLib/src/xmc_gpio.o

.eh_frame_hdr
 *(.eh_frame_hdr)

.eh_frame
 *(.eh_frame)

.ARM.extab
 *(.ARM.extab* .gnu.linkonce.armextab.*)
                0x0000000010001204                . = ALIGN (0x4)
                0x0000000010001204                __exidx_start = .

.ARM.exidx
 *(.ARM.exidx* .gnu.linkonce.armexidx.*)
                0x0000000010001204                __exidx_end = .
                0x0000000010001204                . = ALIGN (0x4)

.VENEER_Code    0x000000002000000c      0x144 load address 0x0000000010001204
                0x000000002000000c                . = ALIGN (0x4)
                0x000000002000000c                VeneerStart = .
 *(.XmcVeneerCode)
 .XmcVeneerCode
                0x000000002000000c      0x144 BaseSw/CMSIS/Infineon/XMC1400_series/Source/GCC/startup_XMC1400.o
                0x000000002000000c                HardFault_Veener
                0x000000002000002c                SVC_Veener
                0x0000000020000038                PendSV_Veener
                0x000000002000003c                SysTick_Veener
                0x0000000020000040                IRQ0_Veener
                0x0000000020000044                IRQ1_Veener
                0x0000000020000048                IRQ2_Veener
                0x000000002000004c                IRQ3_Veener
                0x0000000020000050                IRQ4_Veener
                0x0000000020000054                IRQ5_Veener
                0x0000000020000058                IRQ6_Veener
                0x000000002000005c                IRQ7_Veener
                0x0000000020000060                IRQ8_Veener
                0x0000000020000064                IRQ9_Veener
                0x0000000020000068                IRQ10_Veener
                0x000000002000006c                IRQ11_Veener
                0x0000000020000070                IRQ12_Veener
                0x0000000020000074                IRQ13_Veener
                0x0000000020000078                IRQ14_Veener
                0x000000002000007c                IRQ15_Veener
                0x0000000020000080                IRQ16_Veener
                0x0000000020000084                IRQ17_Veener
                0x0000000020000088                IRQ18_Veener
                0x000000002000008c                IRQ19_Veener
                0x0000000020000090                IRQ20_Veener
                0x0000000020000094                IRQ21_Veener
                0x0000000020000098                IRQ22_Veener
                0x000000002000009c                IRQ23_Veener
                0x00000000200000a0                IRQ24_Veener
                0x00000000200000a4                IRQ25_Veener
                0x00000000200000a8                IRQ26_Veener
                0x00000000200000ac                IRQ27_Veener
                0x00000000200000b0                IRQ28_Veener
                0x00000000200000b4                IRQ29_Veener
                0x00000000200000b8                IRQ30_Veener
                0x00000000200000bc                IRQ31_Veener
                0x0000000020000150                . = ALIGN (0x4)
                0x0000000020000150                VeneerEnd = .
                0x0000000010001204                eROData = LOADADDR (.VENEER_Code)
                0x0000000000000144                VeneerSize = (ABSOLUTE (VeneerEnd) - ABSOLUTE (VeneerStart))

.rel.dyn        0x0000000020000150        0x0 load address 0x0000000010001348
 .rel.iplt      0x0000000020000150        0x0 BaseSw/XMCLib/src/xmc_gpio.o

Stack           0x0000000020000150      0x400 load address 0x0000000000000000
                0x0000000020000150                . = ALIGN (0x8)
                0x0000000020000550                . = (. + stack_size)
 *fill*         0x0000000020000150      0x400 
                0x0000000020000550                __initial_sp = .

.data           0x0000000020000550        0x0 load address 0x0000000010001348
                0x0000000020000550                . = ALIGN (0x4)
                0x0000000020000550                __data_start = .
 *(.data)
 *(.data*)
 *(*.data)
 *(.gnu.linkonce.d*)
                0x0000000020000550                . = ALIGN (0x4)
                [!provide]                        PROVIDE (__preinit_array_start = .)
 *(.preinit_array)
                [!provide]                        PROVIDE (__preinit_array_end = .)
                0x0000000020000550                . = ALIGN (0x4)
                [!provide]                        PROVIDE (__init_array_start = .)
 *(SORT_BY_NAME(.init_array.*))
 *(.init_array)
                [!provide]                        PROVIDE (__init_array_end = .)
                0x0000000020000550                . = ALIGN (0x4)
                [!provide]                        PROVIDE (__fini_array_start = .)
 *(SORT_BY_NAME(.fini_array.*))
 *(.fini_array)
                [!provide]                        PROVIDE (__fini_array_end = .)
                0x0000000020000550                . = ALIGN (0x4)
                0x0000000020000550                __data_end = .
                0x0000000010001348                DataLoadAddr = LOADADDR (.data)
                0x0000000000000000                __data_size = (__data_end - __data_start)

.igot.plt       0x0000000020000550        0x0 load address 0x0000000010001348
 .igot.plt      0x0000000020000550        0x0 BaseSw/XMCLib/src/xmc_gpio.o

.ram_code       0x0000000020000550        0x0 load address 0x0000000010001348
                0x0000000020000550                . = ALIGN (0x4)
                0x0000000020000550                __ram_code_start = .
 *(.ram_code)
                0x0000000020000550                . = ALIGN (0x4)
                0x0000000020000550                __ram_code_end = .
                0x0000000010001348                __ram_code_load = LOADADDR (.ram_code)
                0x0000000000000000                __ram_code_size = (__ram_code_end - __ram_code_start)
                0x0000000000000348                __text_size = ((((__exidx_end - sText) + VeneerSize) + __data_size) + __ram_code_size)
                0x0000000010001348                eText = (sText + __text_size)

.bss            0x0000000020000550        0x8 load address 0x0000000010001348
                0x0000000020000550                . = ALIGN (0x4)
                0x0000000020000550                __bss_start = .
 *(.bss)
 *(.bss*)
 .bss.FDIV.5292
                0x0000000020000550        0x4 BaseSw/CMSIS/Infineon/XMC1400_series/Source/system_XMC1400.o
 .bss.IDIV.5291
                0x0000000020000554        0x4 BaseSw/CMSIS/Infineon/XMC1400_series/Source/system_XMC1400.o
 *(COMMON)
 *(.gnu.linkonce.b*)
                0x0000000020000558                . = ALIGN (0x4)
                0x0000000020000558                __bss_end = .
                0x0000000020000558                . = ALIGN (0x8)
                0x0000000020000558                Heap_Bank1_Start = .
                0x0000000000000008                __bss_size = (__bss_end - __bss_start)

.no_init        0x0000000020003ffc        0x4 load address 0x0000000000003eac
                0x0000000020003ffc                Heap_Bank1_End = .
 *(.no_init)
 .no_init       0x0000000020003ffc        0x4 BaseSw/CMSIS/Infineon/XMC1400_series/Source/system_XMC1400.o
                0x0000000020003ffc                SystemCoreClock
                0x0000000000003aa4                Heap_Bank1_Size = (Heap_Bank1_End - Heap_Bank1_Start)
                0x0000000000000001                ASSERT ((Heap_Bank1_Start <= Heap_Bank1_End), region SRAM overflowed no_init section)

/DISCARD/
 *(.comment)

.stab
 *(.stab)

.stabstr
 *(.stabstr)

.debug
 *(.debug)

.line
 *(.line)

.debug_srcinfo
 *(.debug_srcinfo)

.debug_sfnames
 *(.debug_sfnames)

.debug_aranges  0x0000000000000000      0x188
 *(.debug_aranges)
 .debug_aranges
                0x0000000000000000       0x28 BaseSw/XMCLib/src/xmc_gpio.o
 .debug_aranges
                0x0000000000000028       0xd0 BaseSw/XMCLib/src/xmc_math.o
 .debug_aranges
                0x00000000000000f8       0x40 BaseSw/CMSIS/Infineon/XMC1400_series/Source/system_XMC1400.o
 .debug_aranges
                0x0000000000000138       0x28 AppSw/main.o
 .debug_aranges
                0x0000000000000160       0x28 BaseSw/CMSIS/Infineon/XMC1400_series/Source/GCC/startup_XMC1400.o

.debug_pubnames
 *(.debug_pubnames)

.debug_pubtypes
 *(.debug_pubtypes)

.debug_info     0x0000000000000000     0x1de4
 *(.debug_info .gnu.linkonce.wi.*)
 .debug_info    0x0000000000000000      0x406 BaseSw/XMCLib/src/xmc_gpio.o
 .debug_info    0x0000000000000406      0xe39 BaseSw/XMCLib/src/xmc_math.o
 .debug_info    0x000000000000123f      0x3ed BaseSw/CMSIS/Infineon/XMC1400_series/Source/system_XMC1400.o
 .debug_info    0x000000000000162c      0x796 AppSw/main.o
 .debug_info    0x0000000000001dc2       0x22 BaseSw/CMSIS/Infineon/XMC1400_series/Source/GCC/startup_XMC1400.o

.debug_abbrev   0x0000000000000000      0x883
 *(.debug_abbrev)
 .debug_abbrev  0x0000000000000000      0x137 BaseSw/XMCLib/src/xmc_gpio.o
 .debug_abbrev  0x0000000000000137      0x3a8 BaseSw/XMCLib/src/xmc_math.o
 .debug_abbrev  0x00000000000004df      0x168 BaseSw/CMSIS/Infineon/XMC1400_series/Source/system_XMC1400.o
 .debug_abbrev  0x0000000000000647      0x22a AppSw/main.o
 .debug_abbrev  0x0000000000000871       0x12 BaseSw/CMSIS/Infineon/XMC1400_series/Source/GCC/startup_XMC1400.o

.debug_line     0x0000000000000000     0x10b6
 *(.debug_line)
 .debug_line    0x0000000000000000      0x18b BaseSw/XMCLib/src/xmc_gpio.o
 .debug_line    0x000000000000018b      0x9a8 BaseSw/XMCLib/src/xmc_math.o
 .debug_line    0x0000000000000b33      0x26d BaseSw/CMSIS/Infineon/XMC1400_series/Source/system_XMC1400.o
 .debug_line    0x0000000000000da0      0x210 AppSw/main.o
 .debug_line    0x0000000000000fb0      0x106 BaseSw/CMSIS/Infineon/XMC1400_series/Source/GCC/startup_XMC1400.o

.debug_frame    0x0000000000000000      0x2f4
 *(.debug_frame)
 .debug_frame   0x0000000000000000       0x40 BaseSw/XMCLib/src/xmc_gpio.o
 .debug_frame   0x0000000000000040      0x200 BaseSw/XMCLib/src/xmc_math.o
 .debug_frame   0x0000000000000240       0x7c BaseSw/CMSIS/Infineon/XMC1400_series/Source/system_XMC1400.o
 .debug_frame   0x00000000000002bc       0x38 AppSw/main.o

.debug_str      0x0000000000000000     0x12f7
 *(.debug_str)
 .debug_str     0x0000000000000000      0x7ab BaseSw/XMCLib/src/xmc_gpio.o
                                        0x7f5 (size before relaxing)
 .debug_str     0x00000000000007ab      0x73b BaseSw/XMCLib/src/xmc_math.o
                                        0x93b (size before relaxing)
 .debug_str     0x0000000000000ee6      0x14f BaseSw/CMSIS/Infineon/XMC1400_series/Source/system_XMC1400.o
                                        0x34b (size before relaxing)
 .debug_str     0x0000000000001035      0x272 AppSw/main.o
                                        0x9bb (size before relaxing)
 .debug_str     0x00000000000012a7       0x50 BaseSw/CMSIS/Infineon/XMC1400_series/Source/GCC/startup_XMC1400.o
                                         0x80 (size before relaxing)

.debug_loc      0x0000000000000000      0x97c
 *(.debug_loc)
 .debug_loc     0x0000000000000000       0xf9 BaseSw/XMCLib/src/xmc_gpio.o
 .debug_loc     0x00000000000000f9      0x78c BaseSw/XMCLib/src/xmc_math.o
 .debug_loc     0x0000000000000885       0x60 BaseSw/CMSIS/Infineon/XMC1400_series/Source/system_XMC1400.o
 .debug_loc     0x00000000000008e5       0x97 AppSw/main.o

.debug_macinfo
 *(.debug_macinfo)

.debug_ranges   0x0000000000000000      0x298
 *(.debug_ranges)
 .debug_ranges  0x0000000000000000       0x18 BaseSw/XMCLib/src/xmc_gpio.o
 .debug_ranges  0x0000000000000018      0x1e0 BaseSw/XMCLib/src/xmc_math.o
 .debug_ranges  0x00000000000001f8       0x30 BaseSw/CMSIS/Infineon/XMC1400_series/Source/system_XMC1400.o
 .debug_ranges  0x0000000000000228       0x50 AppSw/main.o
 .debug_ranges  0x0000000000000278       0x20 BaseSw/CMSIS/Infineon/XMC1400_series/Source/GCC/startup_XMC1400.o

.note.GNU-stack
                0x0000000000000000        0x0
 .note.GNU-stack
                0x0000000000000000        0x0 BaseSw/XMCLib/src/xmc_gpio.o
 .note.GNU-stack
                0x0000000000000000        0x0 BaseSw/XMCLib/src/xmc_math.o
 .note.GNU-stack
                0x0000000000000000        0x0 BaseSw/CMSIS/Infineon/XMC1400_series/Source/system_XMC1400.o
 .note.GNU-stack
                0x0000000000000000        0x0 AppSw/main.o

.debug_weaknames
 *(.debug_weaknames)

.debug_funcnames
 *(.debug_funcnames)

.debug_typenames
 *(.debug_typenames)

.debug_varnames
 *(.debug_varnames)

.build_attributes
                0x0000000000000000       0xcf
 *(.ARM.attributes)
 .ARM.attributes
                0x0000000000000000       0x2b BaseSw/XMCLib/src/xmc_gpio.o
 .ARM.attributes
                0x000000000000002b       0x2b BaseSw/XMCLib/src/xmc_math.o
 .ARM.attributes
                0x0000000000000056       0x2b BaseSw/CMSIS/Infineon/XMC1400_series/Source/system_XMC1400.o
 .ARM.attributes
                0x0000000000000081       0x2b AppSw/main.o
 .ARM.attributes
                0x00000000000000ac       0x23 BaseSw/CMSIS/Infineon/XMC1400_series/Source/GCC/startup_XMC1400.o
LOAD BaseSw/XMCLib/src/xmc_eru.o
LOAD BaseSw/XMCLib/src/xmc_uart.o
LOAD BaseSw/XMCLib/src/xmc_ccu4.o
LOAD BaseSw/XMCLib/src/xmc1_flash.o
LOAD BaseSw/XMCLib/src/xmc_fce.o
LOAD BaseSw/XMCLib/src/xmc_prng.o
LOAD BaseSw/XMCLib/src/xmc_eth_mac.o
LOAD BaseSw/XMCLib/src/xmc1_gpio.o
LOAD BaseSw/XMCLib/src/xmc_usic.o
LOAD BaseSw/XMCLib/src/xmc_dma.o
LOAD BaseSw/XMCLib/src/xmc_gpio.o
LOAD BaseSw/XMCLib/src/xmc_hrpwm.o
LOAD BaseSw/XMCLib/src/xmc_spi.o
LOAD BaseSw/XMCLib/src/xmc_rtc.o
LOAD BaseSw/XMCLib/src/xmc_ebu.o
LOAD BaseSw/XMCLib/src/xmc1_eru.o
LOAD BaseSw/XMCLib/src/xmc4_eru.o
LOAD BaseSw/XMCLib/src/xmc_sdmmc.o
LOAD BaseSw/XMCLib/src/xmc_dsd.o
LOAD BaseSw/XMCLib/src/xmc4_scu.o
LOAD BaseSw/XMCLib/src/xmc_math.o
LOAD BaseSw/XMCLib/src/xmc_posif.o
LOAD BaseSw/XMCLib/src/xmc_common.o
LOAD BaseSw/XMCLib/src/xmc_usbd.o
LOAD BaseSw/XMCLib/src/xmc_i2s.o
LOAD BaseSw/XMCLib/src/xmc_vadc.o
LOAD BaseSw/XMCLib/src/xmc_eth_phy_ksz8081rnb.o
LOAD BaseSw/XMCLib/src/xmc4_flash.o
LOAD BaseSw/XMCLib/src/xmc_ccu8.o
LOAD BaseSw/XMCLib/src/xmc1_scu.o
LOAD BaseSw/XMCLib/src/xmc_i2c.o
LOAD BaseSw/XMCLib/src/xmc_bccu.o
LOAD BaseSw/XMCLib/src/xmc_ledts.o
LOAD BaseSw/XMCLib/src/xmc_pau.o
LOAD BaseSw/XMCLib/src/xmc_acmp.o
LOAD BaseSw/XMCLib/src/xmc_eth_phy_dp83848.o
LOAD BaseSw/XMCLib/src/xmc_eth_phy_ksz8031rnl.o
LOAD BaseSw/XMCLib/src/xmc_can.o
LOAD BaseSw/XMCLib/src/xmc_wdt.o
LOAD BaseSw/XMCLib/src/xmc_ecat.o
LOAD BaseSw/XMCLib/src/xmc4_gpio.o
LOAD BaseSw/XMCLib/src/xmc4_rtc.o
LOAD BaseSw/XMCLib/src/xmc_dac.o
LOAD BaseSw/XMCLib/src/xmc1_rtc.o
LOAD BaseSw/CMSIS/Infineon/XMC1400_series/Source/system_XMC1400.o
LOAD AppSw/main.o
LOAD BaseSw/CMSIS/Infineon/XMC1400_series/Source/GCC/startup_XMC1400.o
OUTPUT(bin/XMC14_Proj.elf elf32-littlearm)
